// Jest Snapshot v1, https://goo.gl/fbAQLP

exports[`Pruebas en AppRouter debe de mostrar el login si no esta autenticado 1`] = `
<div>
  <div
    className="container mt-5"
  >
    <h1>
      login
    </h1>
    <hr />
    <button
      className="btn btn-primary"
      onClick={[Function]}
    >
      login
    </button>
  </div>
</div>
`;

exports[`Pruebas en AppRouter should debe mostrar el componente de marvel si esta autenticado 1`] = `true`;
