// Jest Snapshot v1, https://goo.gl/fbAQLP

exports[`Pruebas en login debe de mostrarse correctamente 1`] = `
<div
  className="container mt-5"
>
  <h1>
    login
  </h1>
  <hr />
  <button
    className="btn btn-primary"
    onClick={[Function]}
  >
    login
  </button>
</div>
`;
